// Jest Snapshot v1, https://goo.gl/fbAQLP

exports[`renders a heading 1`] = `
<div>
  <h1>
    hello
  </h1>
</div>
`;
